{
    "id": "112-1620771-4384234",
    "total": "$138.01",
    "date": "August 16, 2019",
    "who": "Scott McNay",
    "items": {
        "AmazonBasics Window-Mounted Air Conditioner with Mechanical Control - Cools 150 Square Feet, 5,000 BTU":
        "https://www.amazon.com/gp/product/B07N6KTC5V/ref=ppx_od_dt_b_asin_title_s00?ie=UTF8&psc=1"
    },
    "postage": "$0.00",
    "us_tax": "$10.52",
    "refund": null,
    "gift": null,
    "payments": ["Visa ending in 3583: August 18, 2019: $138.01"]
}
